// Jest Snapshot v1, https://goo.gl/fbAQLP

exports[`<Header /> Matches the snapshot Head component 1`] = `
<nav
  className="navbar navbar-default navbar-static-top"
>
  <div
    className="container"
  >
    <a />
    <ul
      className="nav navbar-nav navbar-right"
    >
      <a
        id="logout"
      >
        <i
          aria-hidden="true"
          className="fa fa-sign-out fa-lg"
          onClick={[Function]}
        />
         undefined
      </a>
    </ul>
  </div>
</nav>
`;
