// Jest Snapshot v1, https://goo.gl/fbAQLP

exports[`<Filters /> render component with role "super 1`] = `
<Row
  bsClass="row"
  componentClass="div"
>
  <Col
    bsClass="col"
    componentClass="div"
    key="filter-testString-string"
    lg={2}
    md={3}
    xs={4}
  >
    <ControlLabel
      bsClass="control-label"
      srOnly={false}
    >
      TEST-STRING
    </ControlLabel>
    <FormControl
      bsClass="form-control"
      componentClass="input"
      field="testString"
      id="TEST-STRING-0"
      onChange={[Function]}
      type="string"
      value="test string"
    />
  </Col>
  <Col
    bsClass="col"
    componentClass="div"
    key="filter-testDate-date"
    lg={2}
    md={3}
    xs={4}
  >
    <ControlLabel
      bsClass="control-label"
      srOnly={false}
    >
      TEST-DATE
    </ControlLabel>
    <FormControl
      bsClass="form-control"
      componentClass="input"
      field="testDate"
      id="TEST-DATE-1"
      onChange={[Function]}
      type="date"
      value="2017-01-01"
    />
  </Col>
  <Col
    bsClass="col"
    componentClass="div"
    key="filter-testSelectx-selectx"
    lg={2}
    md={3}
    xs={4}
  >
    <ControlLabel
      bsClass="control-label"
      srOnly={false}
    >
      TEST-SELECTX
    </ControlLabel>
    <FormControl
      bsClass="form-control"
      componentClass="select"
      field="testSelectx"
      id="TEST-SELECTX-2"
      onChange={[Function]}
    >
      <option
        value={null}
      />
    </FormControl>
  </Col>
  <Button
    active={false}
    block={false}
    bsClass="btn"
    bsStyle="primary"
    disabled={false}
    onClick={[Function]}
  >
    Update
  </Button>
</Row>
`;

exports[`<Filters /> render component with role "user 1`] = `
<Row
  bsClass="row"
  componentClass="div"
>
  <Col
    bsClass="col"
    componentClass="div"
    key="filter-testString-string"
    lg={2}
    md={3}
    xs={4}
  >
    <ControlLabel
      bsClass="control-label"
      srOnly={false}
    >
      TEST-STRING
    </ControlLabel>
    <FormControl
      bsClass="form-control"
      componentClass="input"
      field="testString"
      id="TEST-STRING-0"
      onChange={[Function]}
      type="string"
      value="test string"
    />
  </Col>
  <Col
    bsClass="col"
    componentClass="div"
    key="filter-testDate-date"
    lg={2}
    md={3}
    xs={4}
  >
    <ControlLabel
      bsClass="control-label"
      srOnly={false}
    >
      TEST-DATE
    </ControlLabel>
    <FormControl
      bsClass="form-control"
      componentClass="input"
      field="testDate"
      id="TEST-DATE-1"
      onChange={[Function]}
      type="date"
      value="2017-01-01"
    />
  </Col>
  <Col
    bsClass="col"
    componentClass="div"
    key="filter-testSelectx-selectx"
    lg={2}
    md={3}
    xs={4}
  >
    <ControlLabel
      bsClass="control-label"
      srOnly={false}
    >
      TEST-SELECTX
    </ControlLabel>
    <FormControl
      bsClass="form-control"
      componentClass="select"
      field="testSelectx"
      id="TEST-SELECTX-2"
      onChange={[Function]}
    >
      <option
        value={null}
      />
    </FormControl>
  </Col>
  <Button
    active={false}
    block={false}
    bsClass="btn"
    bsStyle="primary"
    disabled={false}
    onClick={[Function]}
  >
    Update
  </Button>
</Row>
`;

exports[`<Filters /> render component without role 1`] = `
<Row
  bsClass="row"
  componentClass="div"
>
  <Col
    bsClass="col"
    componentClass="div"
    key="filter-testString-string"
    lg={2}
    md={3}
    xs={4}
  >
    <ControlLabel
      bsClass="control-label"
      srOnly={false}
    >
      TEST-STRING
    </ControlLabel>
    <FormControl
      bsClass="form-control"
      componentClass="input"
      field="testString"
      id="TEST-STRING-0"
      onChange={[Function]}
      type="string"
      value="test string"
    />
  </Col>
  <Col
    bsClass="col"
    componentClass="div"
    key="filter-testDate-date"
    lg={2}
    md={3}
    xs={4}
  >
    <ControlLabel
      bsClass="control-label"
      srOnly={false}
    >
      TEST-DATE
    </ControlLabel>
    <FormControl
      bsClass="form-control"
      componentClass="input"
      field="testDate"
      id="TEST-DATE-1"
      onChange={[Function]}
      type="date"
      value="2017-01-01"
    />
  </Col>
  <Col
    bsClass="col"
    componentClass="div"
    key="filter-testSelectx-selectx"
    lg={2}
    md={3}
    xs={4}
  >
    <ControlLabel
      bsClass="control-label"
      srOnly={false}
    >
      TEST-SELECTX
    </ControlLabel>
    <FormControl
      bsClass="form-control"
      componentClass="select"
      field="testSelectx"
      id="TEST-SELECTX-2"
      onChange={[Function]}
    >
      <option
        value={null}
      />
    </FormControl>
  </Col>
  <Button
    active={false}
    block={false}
    bsClass="btn"
    bsStyle="primary"
    disabled={false}
    onClick={[Function]}
  >
    Update
  </Button>
</Row>
`;
